2026-03-03 18:53:04,060 - __main__ - INFO - g
2026-03-03 18:53:04,229 - __main__ - WARNING - loading app_config ....
2026-03-03 18:53:04,236 - __main__ - INFO - loaded.
 * Serving Flask app 'charts_ver1'
 * Debug mode: on
[31m[1mWARNING: This is a development server. Do not use it in a production deployment. Use a production WSGI server instead.[0m
 * Running on all addresses (0.0.0.0)
 * Running on http://127.0.0.1:51071
 * Running on http://172.31.4.194:51071
[33mPress CTRL+C to quit[0m
 * Restarting with stat
2026-03-03 18:53:05,043 - __main__ - INFO - g
2026-03-03 18:53:05,092 - __main__ - WARNING - loading app_config ....
2026-03-03 18:53:05,101 - __main__ - INFO - loaded.
 * Debugger is active!
 * Debugger PIN: 239-044-274
2026-03-03 18:54:17,621 - __main__ - WARNING - loading app_config ....
2026-03-03 18:54:17,629 - __main__ - INFO - loaded.
99.228.34.175 - - [03/Mar/2026 18:54:17] "[35m[1mGET / HTTP/1.1[0m" 500 -
Traceback (most recent call last):
  File "/opt/u107_level_driven_algo/venv/lib/python3.12/site-packages/flask/app.py", line 1536, in __call__
    return self.wsgi_app(environ, start_response)
           ^^^^^^^^^^^^^^^^^^^^^^^^^^^^^^^^^^^^^^
  File "/opt/u107_level_driven_algo/venv/lib/python3.12/site-packages/flask/app.py", line 1514, in wsgi_app
    response = self.handle_exception(e)
               ^^^^^^^^^^^^^^^^^^^^^^^^
  File "/opt/u107_level_driven_algo/venv/lib/python3.12/site-packages/flask/app.py", line 1511, in wsgi_app
    response = self.full_dispatch_request()
               ^^^^^^^^^^^^^^^^^^^^^^^^^^^^
  File "/opt/u107_level_driven_algo/venv/lib/python3.12/site-packages/flask/app.py", line 919, in full_dispatch_request
    rv = self.handle_user_exception(e)
         ^^^^^^^^^^^^^^^^^^^^^^^^^^^^^
  File "/opt/u107_level_driven_algo/venv/lib/python3.12/site-packages/flask/app.py", line 917, in full_dispatch_request
    rv = self.dispatch_request()
         ^^^^^^^^^^^^^^^^^^^^^^^
  File "/opt/u107_level_driven_algo/venv/lib/python3.12/site-packages/flask/app.py", line 902, in dispatch_request
    return self.ensure_sync(self.view_functions[rule.endpoint])(**view_args)  # type: ignore[no-any-return]
           ^^^^^^^^^^^^^^^^^^^^^^^^^^^^^^^^^^^^^^^^^^^^^^^^^^^^^^^^^^^^^^^^^^^^^^^^^^^^^^^^^^^^^^^^^^^^^^^^
  File "/opt/u107_level_driven_algo/bin-bash/../scripts/charts_ver1.py", line 910, in index
    d for d in os.listdir(backtest_base_dir)
               ^^^^^^^^^^^^^^^^^^^^^^^^^^^^^
FileNotFoundError: [Errno 2] No such file or directory: '../../portfolios/charts-backtest'
99.228.34.175 - - [03/Mar/2026 18:54:17] "GET /?__debugger__=yes&cmd=resource&f=style.css HTTP/1.1" 200 -
99.228.34.175 - - [03/Mar/2026 18:54:17] "GET /?__debugger__=yes&cmd=resource&f=debugger.js HTTP/1.1" 200 -
99.228.34.175 - - [03/Mar/2026 18:54:18] "GET /?__debugger__=yes&cmd=resource&f=console.png HTTP/1.1" 200 -
